[meta]
fixture = golden/theme-system.css
description = Realistic theme stylesheet: bare rgba (P0), missing dark override for --ds-border (P0), hardcoded border-radius (P1). box-shadow rgba and token usage must not be flagged.

[findings]
P0 | | rgba
P0 | | --ds-border
P1 | | Hardcoded border-radius

[must-not-flag]
box-shadow
:root
var(--ds-bg)
var(--ds-text)

[counts]
P0 = 2
P1 = 1
P2 = 0
P3 = 0